c:\users\admin\documents\autoscript0\autoscript0\autoscript0\x64\debug\vc143.pdb
c:\users\admin\documents\autoscript0\autoscript0\autoscript0\x64\debug\vc143.idb
c:\users\admin\documents\autoscript0\autoscript0\autoscript0\x64\debug\value.obj
c:\users\admin\documents\autoscript0\autoscript0\autoscript0\x64\debug\plugin.obj
c:\users\admin\documents\autoscript0\autoscript0\autoscript0\x64\debug\platform_win32.obj
c:\users\admin\documents\autoscript0\autoscript0\autoscript0\x64\debug\parser.obj
c:\users\admin\documents\autoscript0\autoscript0\autoscript0\x64\debug\main.obj
c:\users\admin\documents\autoscript0\autoscript0\autoscript0\x64\debug\lexer.obj
c:\users\admin\documents\autoscript0\autoscript0\autoscript0\x64\debug\interpreter.obj
c:\users\admin\documents\autoscript0\autoscript0\autoscript0\x64\debug\env.obj
c:\users\admin\documents\autoscript0\autoscript0\autoscript0\x64\debug\builtins.obj
c:\users\admin\documents\autoscript0\autoscript0\autoscript0\x64\debug\ast.obj
c:\users\admin\documents\autoscript0\autoscript0\x64\debug\autoscript0.exe
c:\users\admin\documents\autoscript0\autoscript0\x64\debug\autoscript0.pdb
c:\users\admin\documents\autoscript0\autoscript0\autoscript0\x64\debug\autoscript0.ilk
c:\users\admin\documents\autoscript0\autoscript0\autoscript0\x64\debug\autoscript0.tlog\cl.command.1.tlog
c:\users\admin\documents\autoscript0\autoscript0\autoscript0\x64\debug\autoscript0.tlog\cl.items.tlog
c:\users\admin\documents\autoscript0\autoscript0\autoscript0\x64\debug\autoscript0.tlog\cl.read.1.tlog
c:\users\admin\documents\autoscript0\autoscript0\autoscript0\x64\debug\autoscript0.tlog\cl.write.1.tlog
c:\users\admin\documents\autoscript0\autoscript0\autoscript0\x64\debug\autoscript0.tlog\link.command.1.tlog
c:\users\admin\documents\autoscript0\autoscript0\autoscript0\x64\debug\autoscript0.tlog\link.read.1.tlog
c:\users\admin\documents\autoscript0\autoscript0\autoscript0\x64\debug\autoscript0.tlog\link.secondary.1.tlog
c:\users\admin\documents\autoscript0\autoscript0\autoscript0\x64\debug\autoscript0.tlog\link.write.1.tlog
